Data loaded
Start to train...
Iter 0:
Loss in train set: 4.29146671295166, val set: 4.288028717041016
Iter 2000:
Loss in train set: 2.5236124992370605, val set: 2.529052257537842
Iter 4000:
Loss in train set: 2.511962413787842, val set: 2.4780426025390625
Iter 6000:
Loss in train set: 2.4409923553466797, val set: 2.477735757827759
Iter 8000:
Loss in train set: 2.4723761081695557, val set: 2.503343105316162
Iter 10000:
Loss in train set: 2.4729974269866943, val set: 2.503154754638672
Iter 12000:
Loss in train set: 2.472877264022827, val set: 2.472346305847168
Iter 14000:
Loss in train set: 2.4608867168426514, val set: 2.4862093925476074
Iter 16000:
Loss in train set: 2.4073214530944824, val set: 2.4834976196289062
Iter 18000:
Loss in train set: 2.461843252182007, val set: 2.454488515853882

I Mysutes?

NEDrds re r t:
TANo ierwhed ar elll se t ouf.

an

Ces!'l sa eah ghem


M:

Sey isatlath