Data loaded
Start to train...
Iter 0:
Loss in train set: 4.489755630493164, val set: 4.494349479675293
Iter 2000:
Loss in train set: 2.3774020671844482, val set: 2.3949503898620605
Iter 4000:
Loss in train set: 2.300098180770874, val set: 2.3203039169311523
Iter 6000:
Loss in train set: 2.2467241287231445, val set: 2.2703487873077393
Iter 8000:
Loss in train set: 2.2371342182159424, val set: 2.2568199634552
Iter 10000:
Loss in train set: 2.182363271713257, val set: 2.2608296871185303
Iter 12000:
Loss in train set: 2.1943764686584473, val set: 2.239030361175537
Iter 14000:
Loss in train set: 2.173494338989258, val set: 2.2454118728637695
Iter 16000:
Loss in train set: 2.175842046737671, val set: 2.2316362857818604
Iter 18000:
Loss in train set: 2.169466972351074, val set: 2.2129435539245605

Yourt'd virs.

Joort.
IF Muntuksbedrin shorblestan.
BRAMND:
This bethal; mors wreave of have musod sset pakavee at my hay no loore. RCAY:
Cen case;
There hearoue ing.

Youls sive hade bafing hay?
Thane but lorseave a deaver bliive; keme yes ow ES MARKING:'d
HEY VINCE: Fort's to futich untirtie thand
