Data loaded
Start to train...
Iter 0:
Loss in train set: 4.307563304901123, val set: 4.316357612609863
Iter 2000:
Loss in train set: 2.350501537322998, val set: 2.3540198802948
Iter 4000:
Loss in train set: 2.234166383743286, val set: 2.3033454418182373
Iter 6000:
Loss in train set: 2.200052261352539, val set: 2.225684642791748
Iter 8000:
Loss in train set: 2.1654365062713623, val set: 2.2060325145721436
Iter 10000:
Loss in train set: 2.1473195552825928, val set: 2.207012891769409
Iter 12000:
Loss in train set: 2.1218271255493164, val set: 2.2064049243927
Iter 14000:
Loss in train set: 2.103039026260376, val set: 2.198835849761963
Iter 16000:
Loss in train set: 2.0987212657928467, val set: 2.1964051723480225
Iter 18000:
Loss in train set: 2.106106758117676, val set: 2.165680408477783

Ford, sbroues is?
Thasod.
Dour, con! whongs awithe that here the it, pler I up.
Sve a he's
and so'r.

PELORK:
Camue nole lary she.
O tompurcils, my se whond;

ROMORBIO:
Preest,
Whand, and the so-mane to more lif and a bratherecanpe'est me heso.

he umb
No palerys mourn
Jut in uring mods commenink,
A
