Data loaded
Start to train...
Iter 0:
Loss in train set: 4.518762588500977, val set: 4.504559516906738
Iter 2000:
Loss in train set: 2.3470914363861084, val set: 2.365039587020874
Iter 4000:
Loss in train set: 2.2133140563964844, val set: 2.2356655597686768
Iter 6000:
Loss in train set: 2.152195692062378, val set: 2.2316629886627197
Iter 8000:
Loss in train set: 2.163936138153076, val set: 2.1596953868865967
Iter 10000:
Loss in train set: 2.116147994995117, val set: 2.1599292755126953
Iter 12000:
Loss in train set: 2.0802385807037354, val set: 2.1345810890197754
Iter 14000:
Loss in train set: 2.0741567611694336, val set: 2.1334967613220215
Iter 16000:
Loss in train set: 2.0366251468658447, val set: 2.136051893234253
Iter 18000:
Loss in train set: 2.035432815551758, val set: 2.1179141998291016
Iter 20000:
Loss in train set: 2.0039215087890625, val set: 2.0989067554473877
Iter 22000:
Loss in train set: 2.016143560409546, val set: 2.077850103378296
Iter 24000:
Loss in train set: 2.0053317546844482, val set: 2.098191976547241
Iter 26000:
Loss in train set: 2.0111751556396484, val set: 2.0958893299102783
Iter 28000:
Loss in train set: 1.9701957702636719, val set: 2.1073076725006104
Iter 30000:
Loss in train set: 1.9847793579101562, val set: 2.0991458892822266
Iter 32000:
Loss in train set: 1.9771980047225952, val set: 2.070457696914673
Iter 34000:
Loss in train set: 1.9799515008926392, val set: 2.0669431686401367
Iter 36000:
Loss in train set: 1.9600547552108765, val set: 2.0759267807006836
Iter 38000:
Loss in train set: 1.9498741626739502, val set: 2.046029567718506
Iter 40000:
Loss in train set: 1.9582630395889282, val set: 2.056993007659912
Iter 42000:
Loss in train set: 1.9589104652404785, val set: 2.060429573059082
Iter 44000:
Loss in train set: 1.938161015510559, val set: 2.074061870574951
Iter 46000:
Loss in train set: 1.9522916078567505, val set: 2.042543411254883
Iter 48000:
Loss in train set: 1.914278268814087, val set: 2.0620059967041016
Iter 50000:
Loss in train set: 1.9230231046676636, val set: 2.0492730140686035
Iter 52000:
Loss in train set: 1.915113925933838, val set: 2.0610578060150146
Iter 54000:
Loss in train set: 1.9327861070632935, val set: 2.0390212535858154
Iter 56000:
Loss in train set: 1.916459083557129, val set: 2.055467128753662
Iter 58000:
Loss in train set: 1.9275164604187012, val set: 2.055392265319824
Iter 60000:
Loss in train set: 1.927547574043274, val set: 2.083949327468872
Iter 62000:
Loss in train set: 1.9110310077667236, val set: 2.0122928619384766
Iter 64000:
Loss in train set: 1.9176346063613892, val set: 2.055213689804077
Iter 66000:
Loss in train set: 1.9028756618499756, val set: 2.0656895637512207
Iter 68000:
Loss in train set: 1.9105602502822876, val set: 2.022320508956909
Iter 70000:
Loss in train set: 1.927749752998352, val set: 2.0261070728302
Iter 72000:
Loss in train set: 1.916203260421753, val set: 2.038317918777466
Iter 74000:
Loss in train set: 1.8803707361221313, val set: 2.052816152572632
Iter 76000:
Loss in train set: 1.890195369720459, val set: 2.053239107131958
Iter 78000:
Loss in train set: 1.9111782312393188, val set: 2.0241119861602783


GLOUCESTREDORIOLANUSIO:
Things, and you knower
Yet thee;
Which hoes,
Lee I woectriked strer frieds, crowade age contre and heir che comforl'd
To his I way be time saulse of abousinced,
Lasine trainst reasuntrains man;
But that enjudure my frease manted
it pition.

KING, I'll yound beld it come telf

