Data loaded
Start to train...
Iter 0:
Loss in train set: 4.24537467956543, val set: 4.242423057556152
Iter 10000:
Loss in train set: 2.014112710952759, val set: 2.0962538719177246
Iter 20000:
Loss in train set: 1.9180679321289062, val set: 2.0395662784576416
Iter 30000:
Loss in train set: 1.8539788722991943, val set: 2.002016067504883
Iter 40000:
Loss in train set: 1.8302638530731201, val set: 1.9723260402679443
Iter 50000:
Loss in train set: 1.7979899644851685, val set: 1.9632230997085571
Iter 60000:
Loss in train set: 1.7942384481430054, val set: 1.9395010471343994
Iter 70000:
Loss in train set: 1.7818547487258911, val set: 1.9350775480270386
Iter 80000:
Loss in train set: 1.7698839902877808, val set: 1.931738257408142
Iter 90000:
Loss in train set: 1.7602676153182983, val set: 1.9081381559371948

By a less a need
No leave the dim see a lady,
And of we'kizeness in at king, Gead mandure
hat you cust
walt, and here's he, is is us at I came a kingred as like then. For tragewered action
his entemeon alone, wonder to stay nother; as broke must less child with sut, all no knea;
That bestect sing-fa
